Loading db file '/home/mariagrazia.graziano/do/libnangate/NangateOpenCellLibrary_typical_ecsm.db'
Information: Propagating switching activity (low effort zero delay simulation). (PWR-6)
Warning: Design has unannotated primary inputs. (PWR-414)
Warning: Design has unannotated sequential cell outputs. (PWR-415)
Warning: Design has unannotated black-box outputs. (PWR-428)
 
****************************************
Report : power
        -cell
        -analysis_effort low
        -sort_mode cell_internal_power
Design : top_entity
Version: Z-2007.03-SP1
Date   : Thu Jul 12 18:25:06 2018
****************************************


Library(s) Used:

    NangateOpenCellLibrary (File: /home/mariagrazia.graziano/do/libnangate/NangateOpenCellLibrary_typical_ecsm.db)


Operating Conditions: typical   Library: NangateOpenCellLibrary
Wire Load Model Mode: top

Design        Wire Load Model            Library
------------------------------------------------
top_entity             5K_hvratio_1_1    NangateOpenCellLibrary


Global Operating Voltage = 1.1  
Power-specific unit information :
    Voltage Units = 1V
    Capacitance Units = 1.000000ff
    Time Units = 1ns
    Dynamic Power Units = 1uW    (derived from V,C,T units)
    Leakage Power Units = 1nW



  Attributes
  ----------
      h  -  Hierarchical cell

                        Cell      Driven Net  Tot Dynamic      Cell
                        Internal  Switching   Power            Leakage
Cell                    Power     Power       (% Cell/Tot)     Power      Attrs
--------------------------------------------------------------------------------
datapath_0              1.369e+04       N/A        N/A (N/A)   673355.4375
                                                                          h
cu_0                     235.8349       N/A        N/A (N/A)   7279.4067  h
dep_man                   67.2534       N/A        N/A (N/A)   3082.9146  h
add4_0                    30.6446       N/A        N/A (N/A)   1473.0197  h
reg_pc                     0.0000       N/A        N/A (N/A)      0.0000  h
--------------------------------------------------------------------------------
Totals (5 cells)          14.027mW     N/A         N/A (N/A)    685.191uW
1
